PASS repair rewrites stale repo-local helper targets using current runtime config
PASS runtime entry script resolves source and built installs correctly
PASS init generates zero-touch system artifacts and optional startup hook
PASS repo runtime override keeps self-dogfooding files local-only
PASS legacy state-branch option keeps visible branch sync compatibility
PASS resume payload starts empty and writes visible docs
PASS resume CLI output includes the ASCII splash banner
PASS CLI help text documents completion metadata and natural breakpoint safety valves
PASS bootstrap installs hooks, daemon, and Claude Desktop MCP config in one step
PASS bootstrap is idempotent and preserves existing MCP servers
PASS status shows active session details without mutating state
PASS status shows last handoff and pending work with no active session
PASS archived sessions live under archive storage and merged history reads across active/archive files
PASS diff helpers compare archived sessions in text and json formats
PASS continueFromLatest keeps the active session and preserves queued work
PASS continueFromLatest infers a session from recent repo changes when no carryover exists
PASS mcp tool list stays intentionally thin and tool calls persist state
PASS new next steps take precedence in handoffs and current plan rendering
PASS mcp connect auto-starts an inferred session before sending resume notification
PASS mcp connect skips resume notification when there is no carryover
PASS mcp server waits for stdio shutdown instead of exiting immediately
PASS init can install git hooks and generate portable hook scripts
PASS managed hook refresh heals stale hooks and preserves custom hooks
PASS 30 day hygiene archives stale unreferenced sessions and leaves referenced ones active
PASS 30 day hygiene skips sessions with missing or malformed endedAt
PASS daemon tick runs 30 day hygiene before passive checkpoint decisions
PASS session start runs 30 day hygiene before creating a new session
PASS daemon tick with no archive candidates leaves passive checkpoint behavior unchanged
PASS 30 day hygiene handles multiple stale candidates in one pass
PASS diff reactivates archived sessions back to active storage
PASS handoff reactivates exact session-id matches in relatedSessions
PASS search reactivates an archived session by exact id
PASS reactivation returns null for unknown session ids and does not mutate files
PASS reactivation ignores empty id and free-form text that is not a session id
PASS handoff does not reactivate free-form relatedSessions entries that are not session ids
PASS daemon tick clusters repo activity until a quiet point before checkpointing
PASS daemon tick checkpoints branch switches immediately
PASS mcp checkpoint tool accepts explicit completion metadata and writes one deduped draft handoff
PASS mcp checkpoint tool ignores malformed completion metadata without blocking checkpoints
PASS daemon tick helper triggers an elapsed-time checkpoint at exactly two hours
PASS daemon tick helper triggers a checkpoint at exactly five meaningful files
PASS health diagnostics emits stale checkpoint warning at the 3-day boundary
PASS health diagnostics ignores malformed stale checkpoint timestamps
PASS health diagnostics flags unusual pattern when 50+ files exist without checkpoint evidence
PASS health diagnostics does not flag unusual pattern below the 50-file boundary without checkpoint evidence
PASS health diagnostics does not flag unusual pattern when checkpoint evidence exists
PASS daemon tick checkpoints immediately at five meaningful files and clears passive pending state
PASS daemon tick checkpoints on elapsed time with zero changed files
PASS completion metadata normalizer ignores malformed inputs
PASS auto-draft handoff triggers immediately for an explicit completion signal
PASS auto-draft handoff suppresses duplicate completion-signal drafts for unchanged sessions
PASS auto-draft handoff preserves the idle 29-vs-30 minute boundary
PASS auto-draft handoff triggers for significant work milestones
PASS auto-sync planning respects config toggles and platform-specific scripts
PASS daemon tick saves an idle auto-drafted handoff and handoff --draft consumes it
node : FAIL getSetupStatus is read-only and does not mutate Git hooks
At line:1 char:1
+ node --experimental-strip-types tests/run-tests.ts > test_output.txt  ...
+ ~~~~~~~~~~~~~~~~~~~~~~~~~~~~~~~~~~~~~~~~~~~~~~~~~~~~~~~~~~~~~~~~~~~~~
    + CategoryInfo          : NotSpecified: (FAIL getSetupSt...utate Git hooks:String) [], RemoteException
    + FullyQualifiedErrorId : NativeCommandError
 
ReferenceError: getSetupStatus is not defined
    at Object.run (file:///D:/Projects/active/holistic/tests/run-tests.ts:1724:22)
    at file:///D:/Projects/active/holistic/tests/run-tests.ts:1747:20
PASS buildStartupGreeting returns null for empty state
PASS buildStartupGreeting includes system health warnings for stale daemon checkpoints
PASS buildStartupGreeting emits warning-only startup output when carryover is empty but diagnostics exist
PASS buildStartupGreeting emits warning text that is diagnostic (not user-blaming instructions)
PASS buildStartupGreeting keeps no-warning startup output unchanged when diagnostics are clear
PASS buildStartupGreeting includes objective, status, and next steps from active session
PASS buildStartupGreeting includes 'continue, tweak, start-new' choices for active session
PASS buildStartupGreeting includes adapter doc path
PASS buildStartupGreeting includes long-term history and regression watch paths
PASS buildStartupGreeting shows last handoff when no active session
PASS buildStartupGreeting shows pending work when no active session or handoff
PASS buildStartupGreeting includes recommended command

1 test(s) failed.
